[GIN-debug] [WARNING] Creating an Engine instance with the Logger and Recovery middleware already attached.

[GIN-debug] [WARNING] Running in "debug" mode. Switch to "release" mode in production.
 - using env:	export GIN_MODE=release
 - using code:	gin.SetMode(gin.ReleaseMode)

[GIN-debug] GET    /v1/health                --> main.handleHealth (3 handlers)
[GIN-debug] POST   /v1/analysis              --> main.main.func1 (3 handlers)
[GIN-debug] POST   /v1/analysis_qx           --> main.main.func2 (3 handlers)
[GIN-debug] POST   /v1/reachable             --> main.main.func3 (3 handlers)
[GIN-debug] POST   /v1/reachable_qx          --> main.main.func4 (3 handlers)
[GIN-debug] POST   /v1/funmeta               --> main.main.func5 (3 handlers)
[GIN-debug] POST   /v1/task                  --> main.main.func6 (3 handlers)
[GIN-debug] GET    /v1/task/:taskID          --> main.main.func7 (3 handlers)
[GIN-debug] DELETE /v1/task/:taskID          --> main.main.func8 (3 handlers)
2025/10/30 20:22:50 Starting analysis service on port 7082...
[GIN-debug] [WARNING] You trusted all proxies, this is NOT safe. We recommend you to set a value.
Please check https://pkg.go.dev/github.com/gin-gonic/gin#readme-don-t-trust-all-proxies for details.
[GIN-debug] Listening and serving HTTP on :7082
2025/10/30 20:22:59 Received reachable functions analysis request for fuzzer: /home/nate/code/minimal/local-test-sqlite3-full-01/afc-sqlite3/ossfuzz.c
2025/10/30 20:22:59 Full request details - TaskID: "", ProjectSourceDir: "/home/nate/code/minimal/local-test-sqlite3-full-01/afc-sqlite3", Focus: ""
2025/10/30 20:22:59 Empty TaskID - running actual static analysis for local SQLite
2025/10/30 20:22:59 Running direct source analysis for local SQLite project
2025/10/30 20:22:59 Project source dir: /home/nate/code/minimal/local-test-sqlite3-full-01/afc-sqlite3
2025/10/30 20:22:59 Fuzzer source path: /home/nate/code/minimal/local-test-sqlite3-full-01/afc-sqlite3/ossfuzz.c
2025/10/30 20:22:59 Starting direct source analysis for project: /home/nate/code/minimal/local-test-sqlite3-full-01/afc-sqlite3
2025/10/30 20:22:59 *** CUSTOM DEBUG *** Found 553 source files to analyze
2025/10/30 20:22:59 Fuzzer file found at position 187: /home/nate/code/minimal/local-test-sqlite3-full-01/afc-sqlite3/ossfuzz.c
2025/10/30 20:22:59 Moved fuzzer file to front: /home/nate/code/minimal/local-test-sqlite3-full-01/afc-sqlite3/ossfuzz.c
2025/10/30 20:22:59 Limited analysis to first 100 source files (fuzzer file moved to front)
2025/10/30 20:22:59 *** Processing ossfuzz.c file: /home/nate/code/minimal/local-test-sqlite3-full-01/afc-sqlite3/ossfuzz.c
2025/10/30 20:22:59 *** ossfuzz.c function: /home/nate/code/minimal/local-test-sqlite3-full-01/afc-sqlite3/ossfuzz.c.ossfuzz_set_debug_flags -> ossfuzz_set_debug_flags
2025/10/30 20:22:59 *** ossfuzz.c function: /home/nate/code/minimal/local-test-sqlite3-full-01/afc-sqlite3/ossfuzz.c.timeOfDay -> timeOfDay
2025/10/30 20:22:59 *** ossfuzz.c function: /home/nate/code/minimal/local-test-sqlite3-full-01/afc-sqlite3/ossfuzz.c.progress_handler -> progress_handler
2025/10/30 20:22:59 *** ossfuzz.c function: /home/nate/code/minimal/local-test-sqlite3-full-01/afc-sqlite3/ossfuzz.c.block_debug_pragmas -> block_debug_pragmas
2025/10/30 20:22:59 *** ossfuzz.c function: /home/nate/code/minimal/local-test-sqlite3-full-01/afc-sqlite3/ossfuzz.c.exec_handler -> exec_handler
2025/10/30 20:22:59 *** ossfuzz.c function: /home/nate/code/minimal/local-test-sqlite3-full-01/afc-sqlite3/ossfuzz.c.LLVMFuzzerTestOneInput -> LLVMFuzzerTestOneInput
2025/10/30 20:22:59 Processed ossfuzz.c: found 6 functions
line 61:0 token recognition error at: ''
line 194:0 token recognition error at: ''
line 328:0 token recognition error at: ''
line 461:0 token recognition error at: ''
line 486:0 token recognition error at: ''
line 494:0 token recognition error at: ''
line 550:0 token recognition error at: ''
line 591:0 token recognition error at: ''
line 683:0 token recognition error at: ''
line 693:0 token recognition error at: ''
2025/10/30 20:22:59 Processed nmakehlp.c: found 13 functions
2025/10/30 20:22:59 Processed jimsh0.c: found 0 functions
2025/10/30 20:22:59 Processed expert.c: found 5 functions
2025/10/30 20:23:00 Processed sqlite3expert.c: found 65 functions
2025/10/30 20:23:00 Processed sqlite3expert.h: found 0 functions
2025/10/30 20:23:00 Processed test_expert.c: found 5 functions
2025/10/30 20:23:00 Processed fts3.c: found 74 functions
2025/10/30 20:23:00 Processed fts3.h: found 0 functions
2025/10/30 20:23:00 Processed fts3Int.h: found 0 functions
2025/10/30 20:23:00 Processed fts3_aux.c: found 12 functions
2025/10/30 20:23:00 Processed fts3_expr.c: found 21 functions
2025/10/30 20:23:00 Processed fts3_hash.c: found 17 functions
2025/10/30 20:23:00 Processed fts3_hash.h: found 0 functions
2025/10/30 20:23:00 Processed fts3_icu.c: found 6 functions
2025/10/30 20:23:00 Processed fts3_porter.c: found 17 functions
2025/10/30 20:23:00 Processed fts3_snippet.c: found 37 functions
2025/10/30 20:23:00 Processed fts3_term.c: found 11 functions
2025/10/30 20:23:00 Processed fts3_test.c: found 17 functions
2025/10/30 20:23:00 Processed fts3_tokenize_vtab.c: found 14 functions
2025/10/30 20:23:00 Processed fts3_tokenizer.c: found 10 functions
2025/10/30 20:23:00 Processed fts3_tokenizer.h: found 0 functions
2025/10/30 20:23:00 Processed fts3_tokenizer1.c: found 8 functions
2025/10/30 20:23:00 Processed fts3_unicode.c: found 9 functions
2025/10/30 20:23:00 Processed fts3_unicode2.c: found 4 functions
2025/10/30 20:23:00 Processed fts3_write.c: found 117 functions
2025/10/30 20:23:00 Processed fts3view.c: found 21 functions
2025/10/30 20:23:00 Processed fts5.h: found 0 functions
2025/10/30 20:23:00 Processed fts5Int.h: found 0 functions
2025/10/30 20:23:00 Processed fts5_aux.c: found 15 functions
2025/10/30 20:23:00 Processed fts5_buffer.c: found 22 functions
2025/10/30 20:23:00 Processed fts5_config.c: found 22 functions
2025/10/30 20:23:00 Processed fts5_expr.c: found 92 functions
2025/10/30 20:23:00 Processed fts5_hash.c: found 17 functions
2025/10/30 20:23:00 Processed fts5_index.c: found 229 functions
2025/10/30 20:23:01 Processed fts5_main.c: found 111 functions
2025/10/30 20:23:01 Processed fts5_storage.c: found 37 functions
2025/10/30 20:23:01 Processed fts5_tcl.c: found 40 functions
2025/10/30 20:23:01 Processed fts5_test_mi.c: found 9 functions
2025/10/30 20:23:01 Processed fts5_test_tok.c: found 15 functions
2025/10/30 20:23:01 Processed fts5_tokenize.c: found 37 functions
2025/10/30 20:23:01 Processed fts5_unicode2.c: found 6 functions
2025/10/30 20:23:01 Processed fts5_varint.c: found 5 functions
2025/10/30 20:23:01 Processed fts5_vocab.c: found 18 functions
2025/10/30 20:23:01 Processed icu.c: found 12 functions
2025/10/30 20:23:01 Processed sqliteicu.h: found 0 functions
2025/10/30 20:23:01 Processed sqlite3intck.c: found 23 functions
2025/10/30 20:23:01 Processed sqlite3intck.h: found 0 functions
2025/10/30 20:23:01 Processed test_intck.c: found 5 functions
2025/10/30 20:23:01 Processed sqlite3-jni.c: found 71 functions
2025/10/30 20:23:01 Processed sqlite3-jni.h: found 0 functions
2025/10/30 20:23:01 Processed lsmtest.h: found 0 functions
2025/10/30 20:23:01 Processed lsmtest1.c: found 19 functions
2025/10/30 20:23:01 Processed lsmtest2.c: found 17 functions
2025/10/30 20:23:01 Processed lsmtest3.c: found 10 functions
2025/10/30 20:23:01 Processed lsmtest4.c: found 2 functions
2025/10/30 20:23:01 Processed lsmtest5.c: found 25 functions
2025/10/30 20:23:01 Processed lsmtest6.c: found 38 functions
2025/10/30 20:23:01 Processed lsmtest7.c: found 6 functions
2025/10/30 20:23:01 Processed lsmtest8.c: found 10 functions
2025/10/30 20:23:01 Processed lsmtest9.c: found 3 functions
2025/10/30 20:23:01 Processed lsmtest_bt.c: found 1 functions
2025/10/30 20:23:01 Processed lsmtest_datasource.c: found 4 functions
2025/10/30 20:23:01 Processed lsmtest_func.c: found 2 functions
2025/10/30 20:23:01 Processed lsmtest_io.c: found 6 functions
2025/10/30 20:23:01 Processed lsmtest_main.c: found 49 functions
2025/10/30 20:23:01 Processed lsmtest_mem.c: found 23 functions
2025/10/30 20:23:01 Processed lsmtest_tdb.c: found 44 functions
2025/10/30 20:23:01 Processed lsmtest_tdb.h: found 0 functions
2025/10/30 20:23:01 Processed lsmtest_tdb2.cc: found 1 functions
2025/10/30 20:23:01 Processed lsmtest_tdb3.c: found 67 functions
2025/10/30 20:23:01 Processed lsmtest_tdb4.c: found 41 functions
2025/10/30 20:23:01 Processed lsmtest_util.c: found 14 functions
2025/10/30 20:23:01 Processed lsmtest_win32.c: found 1 functions
2025/10/30 20:23:01 Processed lsm.h: found 0 functions
2025/10/30 20:23:01 Processed lsmInt.h: found 0 functions
2025/10/30 20:23:01 Processed lsm_ckpt.c: found 41 functions
2025/10/30 20:23:01 Processed lsm_file.c: found 115 functions
2025/10/30 20:23:01 Processed lsm_log.c: found 24 functions
2025/10/30 20:23:01 Processed lsm_main.c: found 42 functions
2025/10/30 20:23:01 Processed lsm_mem.c: found 12 functions
2025/10/30 20:23:01 Processed lsm_mutex.c: found 8 functions
2025/10/30 20:23:01 Processed lsm_shared.c: found 58 functions
2025/10/30 20:23:02 Processed lsm_sorted.c: found 159 functions
2025/10/30 20:23:02 Processed lsm_str.c: found 9 functions
2025/10/30 20:23:02 Processed lsm_tree.c: found 76 functions
2025/10/30 20:23:02 Processed lsm_unix.c: found 31 functions
2025/10/30 20:23:02 Processed lsm_varint.c: found 10 functions
2025/10/30 20:23:02 Processed lsm_vtab.c: found 29 functions
2025/10/30 20:23:02 Processed lsm_win32.c: found 41 functions
2025/10/30 20:23:02 Processed amatch.c: found 38 functions
2025/10/30 20:23:02 Processed anycollseq.c: found 3 functions
2025/10/30 20:23:02 Processed appendvfs.c: found 39 functions
2025/10/30 20:23:02 Processed base64.c: found 5 functions
2025/10/30 20:23:02 Processed base85.c: found 12 functions
2025/10/30 20:23:02 Processed basexx.c: found 2 functions
2025/10/30 20:23:02 Processed blobio.c: found 3 functions
2025/10/30 20:23:02 Processed btreeinfo.c: found 15 functions
2025/10/30 20:23:02 Processed carray.c: found 14 functions
2025/10/30 20:23:02 Processed carray.h: found 0 functions
2025/10/30 20:23:02 Total functions extracted: 2444
2025/10/30 20:23:02 Building improved call graph...
2025/10/30 20:23:02 Built improved call graph with 4591 function calls and 29617 total call graph entries
2025/10/30 20:23:02 Sample call graph entries:
2025/10/30 20:23:02   /home/nate/code/minimal/local-test-sqlite3-full-01/afc-sqlite3/ext/fts3/fts3_expr.c.sqlite3Fts3OpenTokenizer -> [external.xOpen external.assert external.xLanguageid]
2025/10/30 20:23:02   /home/nate/code/minimal/local-test-sqlite3-full-01/afc-sqlite3/ext/fts5/fts5_main.c.fts5CursorParseRank -> [external.sqlite3_value_text external.sqlite3_value_type /home/nate/code/minimal/local-test-sqlite3-full-01/afc-sqlite3/ext/fts5/fts5_config.c.sqlite3Fts5ConfigParseRank]
2025/10/30 20:23:02   /home/nate/code/minimal/local-test-sqlite3-full-01/afc-sqlite3/ext/fts5/fts5_index.c.fts5TestDlidxReverse -> [/home/nate/code/minimal/local-test-sqlite3-full-01/afc-sqlite3/ext/fts5/fts5_index.c.fts5DlidxIterInit /home/nate/code/minimal/local-test-sqlite3-full-01/afc-sqlite3/ext/fts5/fts5_index.c.fts5DlidxIterEof /home/nate/code/minimal/local-test-sqlite3-full-01/afc-sqlite3/ext/fts5/fts5_index.c.fts5DlidxIterNext]
2025/10/30 20:23:02   /home/nate/code/minimal/local-test-sqlite3-full-01/afc-sqlite3/ext/fts3/fts3.c.fts3EofMethod -> [/home/nate/code/minimal/local-test-sqlite3-full-01/afc-sqlite3/ext/fts3/fts3.c.fts3ClearCursor]
2025/10/30 20:23:02   /home/nate/code/minimal/local-test-sqlite3-full-01/afc-sqlite3/ext/fts5/fts5_storage.c.sqlite3Fts5DropAll -> [/home/nate/code/minimal/local-test-sqlite3-full-01/afc-sqlite3/ext/fts5/fts5_storage.c.fts5ExecPrintf]
2025/10/30 20:23:02 Looking for entry points: [LLVMFuzzerTestOneInput fuzzerTestOneInput] in fuzzer: /home/nate/code/minimal/local-test-sqlite3-full-01/afc-sqlite3/ossfuzz.c
2025/10/30 20:23:02 Available functions: 2444
2025/10/30 20:23:02   Function[0]: /home/nate/code/minimal/local-test-sqlite3-full-01/afc-sqlite3/ext/fts3/fts3_write.c.fts3NodeWrite -> fts3NodeWrite
2025/10/30 20:23:02   Function[1]: /home/nate/code/minimal/local-test-sqlite3-full-01/afc-sqlite3/ext/fts5/fts5_main.c.fts5DestroyMethod -> fts5DestroyMethod
2025/10/30 20:23:02   Function[2]: /home/nate/code/minimal/local-test-sqlite3-full-01/afc-sqlite3/ext/fts5/fts5_main.c.fts5CreateMethod -> fts5CreateMethod
2025/10/30 20:23:02   Function[3]: /home/nate/code/minimal/local-test-sqlite3-full-01/afc-sqlite3/ext/misc/base64.c.fromBase64 -> fromBase64
2025/10/30 20:23:02   Function[4]: /home/nate/code/minimal/local-test-sqlite3-full-01/afc-sqlite3/ext/fts5/fts5_expr.c.fts5ExprNodeTest_OR -> fts5ExprNodeTest_OR
2025/10/30 20:23:02 Found entry point LLVMFuzzerTestOneInput at key: /home/nate/code/minimal/local-test-sqlite3-full-01/afc-sqlite3/ossfuzz.c.LLVMFuzzerTestOneInput
2025/10/30 20:23:02 Found 20 reachable functions from LLVMFuzzerTestOneInput (key: /crs-workdir/home/nate/code/minimal/local-test-sqlite3-full-01/afc-sqlite3/ossfuzz.c.LLVMFuzzerTestOneInput)
2025/10/30 20:23:02   Reachable[0]: external.memset
2025/10/30 20:23:02   Reachable[1]: external.sqlite3_hard_heap_limit64
2025/10/30 20:23:02   Reachable[2]: external.sqlite3_complete
2025/10/30 20:23:02   Reachable[3]: external.xCurrentTimeInt64
2025/10/30 20:23:02   Reachable[4]: external.sqlite3_initialize
2025/10/30 20:23:02   Reachable[5]: external.sqlite3_open_v2
2025/10/30 20:23:02   Reachable[6]: external.randomblob
2025/10/30 20:23:02   Reachable[7]: external.sqlite3_free
2025/10/30 20:23:02   Reachable[8]: external.sqlite3_vfs_find
2025/10/30 20:23:02   Reachable[9]: /home/nate/code/minimal/local-test-sqlite3-full-01/afc-sqlite3/ossfuzz.c.timeOfDay
2025/10/30 20:23:02 Direct source analysis completed successfully
[DEBUG] findPotentiallyVulnerableReachableFunctions entryPoint: /crs-workdir/home/nate/code/minimal/local-test-sqlite3-full-01/afc-sqlite3/ossfuzz.c.LLVMFuzzerTestOneInput
[DEBUG] EngineMainReachable reachable functions: 20  |  total words: 41  entryPoint /crs-workdir/home/nate/code/minimal/local-test-sqlite3-full-01/afc-sqlite3/ossfuzz.c.LLVMFuzzerTestOneInput
[GIN] 2025/10/30 - 20:23:02 | 200 |  2.722936219s |             ::1 | POST     "/v1/reachable"
2025/10/30 20:23:17 Received reachable functions analysis request for fuzzer: /home/nate/code/minimal/local-test-sqlite3-full-01/afc-sqlite3/ossfuzz.c
2025/10/30 20:23:17 Full request details - TaskID: "", ProjectSourceDir: "/home/nate/code/minimal/local-test-sqlite3-full-01/afc-sqlite3", Focus: ""
2025/10/30 20:23:17 Empty TaskID - running actual static analysis for local SQLite
2025/10/30 20:23:17 Running direct source analysis for local SQLite project
2025/10/30 20:23:17 Project source dir: /home/nate/code/minimal/local-test-sqlite3-full-01/afc-sqlite3
2025/10/30 20:23:17 Fuzzer source path: /home/nate/code/minimal/local-test-sqlite3-full-01/afc-sqlite3/ossfuzz.c
2025/10/30 20:23:17 Starting direct source analysis for project: /home/nate/code/minimal/local-test-sqlite3-full-01/afc-sqlite3
2025/10/30 20:23:17 *** CUSTOM DEBUG *** Found 553 source files to analyze
2025/10/30 20:23:17 Fuzzer file found at position 187: /home/nate/code/minimal/local-test-sqlite3-full-01/afc-sqlite3/ossfuzz.c
2025/10/30 20:23:17 Moved fuzzer file to front: /home/nate/code/minimal/local-test-sqlite3-full-01/afc-sqlite3/ossfuzz.c
2025/10/30 20:23:17 Limited analysis to first 100 source files (fuzzer file moved to front)
2025/10/30 20:23:17 *** Processing ossfuzz.c file: /home/nate/code/minimal/local-test-sqlite3-full-01/afc-sqlite3/ossfuzz.c
2025/10/30 20:23:17 *** ossfuzz.c function: /home/nate/code/minimal/local-test-sqlite3-full-01/afc-sqlite3/ossfuzz.c.LLVMFuzzerTestOneInput -> LLVMFuzzerTestOneInput
2025/10/30 20:23:17 *** ossfuzz.c function: /home/nate/code/minimal/local-test-sqlite3-full-01/afc-sqlite3/ossfuzz.c.ossfuzz_set_debug_flags -> ossfuzz_set_debug_flags
2025/10/30 20:23:17 *** ossfuzz.c function: /home/nate/code/minimal/local-test-sqlite3-full-01/afc-sqlite3/ossfuzz.c.timeOfDay -> timeOfDay
2025/10/30 20:23:17 *** ossfuzz.c function: /home/nate/code/minimal/local-test-sqlite3-full-01/afc-sqlite3/ossfuzz.c.progress_handler -> progress_handler
2025/10/30 20:23:17 *** ossfuzz.c function: /home/nate/code/minimal/local-test-sqlite3-full-01/afc-sqlite3/ossfuzz.c.block_debug_pragmas -> block_debug_pragmas
2025/10/30 20:23:17 *** ossfuzz.c function: /home/nate/code/minimal/local-test-sqlite3-full-01/afc-sqlite3/ossfuzz.c.exec_handler -> exec_handler
2025/10/30 20:23:17 Processed ossfuzz.c: found 6 functions
line 61:0 token recognition error at: ''
line 194:0 token recognition error at: ''
line 328:0 token recognition error at: ''
line 461:0 token recognition error at: ''
line 486:0 token recognition error at: ''
line 494:0 token recognition error at: ''
line 550:0 token recognition error at: ''
line 591:0 token recognition error at: ''
line 683:0 token recognition error at: ''
line 693:0 token recognition error at: ''
2025/10/30 20:23:17 Processed nmakehlp.c: found 13 functions
2025/10/30 20:23:17 Processed jimsh0.c: found 0 functions
2025/10/30 20:23:17 Processed expert.c: found 5 functions
2025/10/30 20:23:17 Processed sqlite3expert.c: found 65 functions
2025/10/30 20:23:17 Processed sqlite3expert.h: found 0 functions
2025/10/30 20:23:17 Processed test_expert.c: found 5 functions
2025/10/30 20:23:17 Processed fts3.c: found 74 functions
2025/10/30 20:23:17 Processed fts3.h: found 0 functions
2025/10/30 20:23:18 Processed fts3Int.h: found 0 functions
2025/10/30 20:23:18 Processed fts3_aux.c: found 12 functions
2025/10/30 20:23:18 Processed fts3_expr.c: found 21 functions
2025/10/30 20:23:18 Processed fts3_hash.c: found 17 functions
2025/10/30 20:23:18 Processed fts3_hash.h: found 0 functions
2025/10/30 20:23:18 Processed fts3_icu.c: found 6 functions
2025/10/30 20:23:18 Processed fts3_porter.c: found 17 functions
2025/10/30 20:23:18 Processed fts3_snippet.c: found 37 functions
2025/10/30 20:23:18 Processed fts3_term.c: found 11 functions
2025/10/30 20:23:18 Processed fts3_test.c: found 17 functions
2025/10/30 20:23:18 Processed fts3_tokenize_vtab.c: found 14 functions
2025/10/30 20:23:18 Processed fts3_tokenizer.c: found 10 functions
2025/10/30 20:23:18 Processed fts3_tokenizer.h: found 0 functions
2025/10/30 20:23:18 Processed fts3_tokenizer1.c: found 8 functions
2025/10/30 20:23:18 Processed fts3_unicode.c: found 9 functions
2025/10/30 20:23:18 Processed fts3_unicode2.c: found 4 functions
2025/10/30 20:23:18 Processed fts3_write.c: found 117 functions
2025/10/30 20:23:18 Processed fts3view.c: found 21 functions
2025/10/30 20:23:18 Processed fts5.h: found 0 functions
2025/10/30 20:23:18 Processed fts5Int.h: found 0 functions
2025/10/30 20:23:18 Processed fts5_aux.c: found 15 functions
2025/10/30 20:23:18 Processed fts5_buffer.c: found 22 functions
2025/10/30 20:23:18 Processed fts5_config.c: found 22 functions
2025/10/30 20:23:18 Processed fts5_expr.c: found 92 functions
2025/10/30 20:23:18 Processed fts5_hash.c: found 17 functions
2025/10/30 20:23:18 Processed fts5_index.c: found 229 functions
2025/10/30 20:23:18 Processed fts5_main.c: found 111 functions
2025/10/30 20:23:18 Processed fts5_storage.c: found 37 functions
2025/10/30 20:23:18 Processed fts5_tcl.c: found 40 functions
2025/10/30 20:23:18 Processed fts5_test_mi.c: found 9 functions
2025/10/30 20:23:18 Processed fts5_test_tok.c: found 15 functions
2025/10/30 20:23:18 Processed fts5_tokenize.c: found 37 functions
2025/10/30 20:23:18 Processed fts5_unicode2.c: found 6 functions
2025/10/30 20:23:18 Processed fts5_varint.c: found 5 functions
2025/10/30 20:23:18 Processed fts5_vocab.c: found 18 functions
2025/10/30 20:23:18 Processed icu.c: found 12 functions
2025/10/30 20:23:18 Processed sqliteicu.h: found 0 functions
2025/10/30 20:23:18 Processed sqlite3intck.c: found 23 functions
2025/10/30 20:23:18 Processed sqlite3intck.h: found 0 functions
2025/10/30 20:23:18 Processed test_intck.c: found 5 functions
2025/10/30 20:23:19 Processed sqlite3-jni.c: found 71 functions
2025/10/30 20:23:19 Processed sqlite3-jni.h: found 0 functions
2025/10/30 20:23:19 Processed lsmtest.h: found 0 functions
2025/10/30 20:23:19 Processed lsmtest1.c: found 19 functions
2025/10/30 20:23:19 Processed lsmtest2.c: found 17 functions
2025/10/30 20:23:19 Processed lsmtest3.c: found 10 functions
2025/10/30 20:23:19 Processed lsmtest4.c: found 2 functions
2025/10/30 20:23:19 Processed lsmtest5.c: found 25 functions
2025/10/30 20:23:19 Processed lsmtest6.c: found 38 functions
2025/10/30 20:23:19 Processed lsmtest7.c: found 6 functions
2025/10/30 20:23:19 Processed lsmtest8.c: found 10 functions
2025/10/30 20:23:19 Processed lsmtest9.c: found 3 functions
2025/10/30 20:23:19 Processed lsmtest_bt.c: found 1 functions
2025/10/30 20:23:19 Processed lsmtest_datasource.c: found 4 functions
2025/10/30 20:23:19 Processed lsmtest_func.c: found 2 functions
2025/10/30 20:23:19 Processed lsmtest_io.c: found 6 functions
2025/10/30 20:23:19 Processed lsmtest_main.c: found 49 functions
2025/10/30 20:23:19 Processed lsmtest_mem.c: found 23 functions
2025/10/30 20:23:19 Processed lsmtest_tdb.c: found 44 functions
2025/10/30 20:23:19 Processed lsmtest_tdb.h: found 0 functions
2025/10/30 20:23:19 Processed lsmtest_tdb2.cc: found 1 functions
2025/10/30 20:23:19 Processed lsmtest_tdb3.c: found 67 functions
2025/10/30 20:23:19 Processed lsmtest_tdb4.c: found 41 functions
2025/10/30 20:23:19 Processed lsmtest_util.c: found 14 functions
2025/10/30 20:23:19 Processed lsmtest_win32.c: found 1 functions
2025/10/30 20:23:19 Processed lsm.h: found 0 functions
2025/10/30 20:23:19 Processed lsmInt.h: found 0 functions
2025/10/30 20:23:19 Processed lsm_ckpt.c: found 41 functions
2025/10/30 20:23:19 Processed lsm_file.c: found 115 functions
2025/10/30 20:23:19 Processed lsm_log.c: found 24 functions
2025/10/30 20:23:19 Processed lsm_main.c: found 42 functions
2025/10/30 20:23:19 Processed lsm_mem.c: found 12 functions
2025/10/30 20:23:19 Processed lsm_mutex.c: found 8 functions
2025/10/30 20:23:19 Processed lsm_shared.c: found 58 functions
2025/10/30 20:23:19 Processed lsm_sorted.c: found 159 functions
2025/10/30 20:23:19 Processed lsm_str.c: found 9 functions
2025/10/30 20:23:19 Processed lsm_tree.c: found 76 functions
2025/10/30 20:23:19 Processed lsm_unix.c: found 31 functions
2025/10/30 20:23:19 Processed lsm_varint.c: found 10 functions
2025/10/30 20:23:19 Processed lsm_vtab.c: found 29 functions
2025/10/30 20:23:19 Processed lsm_win32.c: found 41 functions
2025/10/30 20:23:19 Processed amatch.c: found 38 functions
2025/10/30 20:23:19 Processed anycollseq.c: found 3 functions
2025/10/30 20:23:19 Processed appendvfs.c: found 39 functions
2025/10/30 20:23:19 Processed base64.c: found 5 functions
2025/10/30 20:23:19 Processed base85.c: found 12 functions
2025/10/30 20:23:19 Processed basexx.c: found 2 functions
2025/10/30 20:23:19 Processed blobio.c: found 3 functions
2025/10/30 20:23:19 Processed btreeinfo.c: found 15 functions
2025/10/30 20:23:19 Processed carray.c: found 14 functions
2025/10/30 20:23:19 Processed carray.h: found 0 functions
2025/10/30 20:23:19 Total functions extracted: 2444
2025/10/30 20:23:19 Building improved call graph...
2025/10/30 20:23:20 Built improved call graph with 4591 function calls and 29617 total call graph entries
2025/10/30 20:23:20 Sample call graph entries:
2025/10/30 20:23:20   /home/nate/code/minimal/local-test-sqlite3-full-01/afc-sqlite3/ext/lsm1/lsm_vtab.c.lsm1VblobEnlarge -> [external.sqlite3_realloc64 external.sqlite3_msize]
2025/10/30 20:23:20   /home/nate/code/minimal/local-test-sqlite3-full-01/afc-sqlite3/ext/lsm1/lsm_file.c.lsmFsDeferClose -> [external.assert]
2025/10/30 20:23:20   /home/nate/code/minimal/local-test-sqlite3-full-01/afc-sqlite3/ext/lsm1/lsm-test/lsmtest6.c.testOomWriteStr -> [external.strlen /home/nate/code/minimal/local-test-sqlite3-full-01/afc-sqlite3/ext/lsm1/lsm-test/lsmtest6.c.testOomWrite]
2025/10/30 20:23:20   /home/nate/code/minimal/local-test-sqlite3-full-01/afc-sqlite3/ext/fts5/fts5_tokenize.c.fts5UnicodeTokenize -> [external.UNUSED_PARAM external.READ_UTF8 /home/nate/code/minimal/local-test-sqlite3-full-01/afc-sqlite3/ext/fts5/fts5_tokenize.c.fts5UnicodeIsAlnum]
2025/10/30 20:23:20   /home/nate/code/minimal/local-test-sqlite3-full-01/afc-sqlite3/ext/fts5/fts5_main.c.sqlite3Fts5ClearLocale -> [/home/nate/code/minimal/local-test-sqlite3-full-01/afc-sqlite3/ext/fts5/fts5_main.c.sqlite3Fts5SetLocale]
2025/10/30 20:23:20 Looking for entry points: [LLVMFuzzerTestOneInput fuzzerTestOneInput] in fuzzer: /home/nate/code/minimal/local-test-sqlite3-full-01/afc-sqlite3/ossfuzz.c
2025/10/30 20:23:20 Available functions: 2444
2025/10/30 20:23:20   Function[0]: /home/nate/code/minimal/local-test-sqlite3-full-01/afc-sqlite3/ext/fts5/fts5_index.c.fts5GetU16 -> fts5GetU16
2025/10/30 20:23:20   Function[1]: /home/nate/code/minimal/local-test-sqlite3-full-01/afc-sqlite3/ext/lsm1/lsm_file.c.lsmFsCloseAndDeleteLog -> lsmFsCloseAndDeleteLog
2025/10/30 20:23:20   Function[2]: /home/nate/code/minimal/local-test-sqlite3-full-01/afc-sqlite3/ext/lsm1/lsm_sorted.c.lsm_flush -> lsm_flush
2025/10/30 20:23:20   Function[3]: /home/nate/code/minimal/local-test-sqlite3-full-01/afc-sqlite3/ext/lsm1/lsm_sorted.c.sortedInvokeWorkHook -> sortedInvokeWorkHook
2025/10/30 20:23:20   Function[4]: /home/nate/code/minimal/local-test-sqlite3-full-01/afc-sqlite3/ext/lsm1/lsm-test/lsmtest8.c.doWriterCrash1 -> doWriterCrash1
2025/10/30 20:23:20 Found entry point LLVMFuzzerTestOneInput at key: /home/nate/code/minimal/local-test-sqlite3-full-01/afc-sqlite3/ossfuzz.c.LLVMFuzzerTestOneInput
2025/10/30 20:23:20 Found 20 reachable functions from LLVMFuzzerTestOneInput (key: /crs-workdir/home/nate/code/minimal/local-test-sqlite3-full-01/afc-sqlite3/ossfuzz.c.LLVMFuzzerTestOneInput)
2025/10/30 20:23:20   Reachable[0]: external.xCurrentTimeInt64
2025/10/30 20:23:20   Reachable[1]: external.xCurrentTime
2025/10/30 20:23:20   Reachable[2]: external.sqlite3_initialize
2025/10/30 20:23:20   Reachable[3]: external.sqlite3_progress_handler
2025/10/30 20:23:20   Reachable[4]: external.sqlite3_free
2025/10/30 20:23:20   Reachable[5]: external.sqlite3_vfs_find
2025/10/30 20:23:20   Reachable[6]: external.sqlite_exec
2025/10/30 20:23:20   Reachable[7]: external.memset
2025/10/30 20:23:20   Reachable[8]: /home/nate/code/minimal/local-test-sqlite3-full-01/afc-sqlite3/ossfuzz.c.timeOfDay
2025/10/30 20:23:20   Reachable[9]: external.sqlite3_hard_heap_limit64
2025/10/30 20:23:20 Direct source analysis completed successfully
[DEBUG] findPotentiallyVulnerableReachableFunctions entryPoint: /crs-workdir/home/nate/code/minimal/local-test-sqlite3-full-01/afc-sqlite3/ossfuzz.c.LLVMFuzzerTestOneInput
[DEBUG] EngineMainReachable reachable functions: 20  |  total words: 41  entryPoint /crs-workdir/home/nate/code/minimal/local-test-sqlite3-full-01/afc-sqlite3/ossfuzz.c.LLVMFuzzerTestOneInput
[GIN] 2025/10/30 - 20:23:20 | 200 |  2.333254595s |             ::1 | POST     "/v1/reachable"
2025/10/30 20:26:27 Received reachable functions analysis request for fuzzer: /home/nate/code/minimal/local-test-sqlite3-full-01/afc-sqlite3/test/ossfuzz.c
2025/10/30 20:26:27 Full request details - TaskID: "", ProjectSourceDir: "/home/nate/code/minimal/local-test-sqlite3-full-01/afc-sqlite3", Focus: "test"
2025/10/30 20:26:27 Empty TaskID - running actual static analysis for local SQLite
2025/10/30 20:26:27 Running direct source analysis for local SQLite project
2025/10/30 20:26:27 Project source dir: /home/nate/code/minimal/local-test-sqlite3-full-01/afc-sqlite3
2025/10/30 20:26:27 Fuzzer source path: /home/nate/code/minimal/local-test-sqlite3-full-01/afc-sqlite3/test/ossfuzz.c
2025/10/30 20:26:27 Starting direct source analysis for project: /home/nate/code/minimal/local-test-sqlite3-full-01/afc-sqlite3
2025/10/30 20:26:27 *** CUSTOM DEBUG *** Found 553 source files to analyze
2025/10/30 20:26:27 Fuzzer file found at position 359: /home/nate/code/minimal/local-test-sqlite3-full-01/afc-sqlite3/test/ossfuzz.c
2025/10/30 20:26:27 Moved fuzzer file to front: /home/nate/code/minimal/local-test-sqlite3-full-01/afc-sqlite3/test/ossfuzz.c
2025/10/30 20:26:27 Limited analysis to first 100 source files (fuzzer file moved to front)
2025/10/30 20:26:27 *** Processing ossfuzz.c file: /home/nate/code/minimal/local-test-sqlite3-full-01/afc-sqlite3/test/ossfuzz.c
2025/10/30 20:26:27 *** ossfuzz.c function: /home/nate/code/minimal/local-test-sqlite3-full-01/afc-sqlite3/test/ossfuzz.c.exec_handler -> exec_handler
2025/10/30 20:26:27 *** ossfuzz.c function: /home/nate/code/minimal/local-test-sqlite3-full-01/afc-sqlite3/test/ossfuzz.c.LLVMFuzzerTestOneInput -> LLVMFuzzerTestOneInput
2025/10/30 20:26:27 *** ossfuzz.c function: /home/nate/code/minimal/local-test-sqlite3-full-01/afc-sqlite3/test/ossfuzz.c.ossfuzz_set_debug_flags -> ossfuzz_set_debug_flags
2025/10/30 20:26:27 *** ossfuzz.c function: /home/nate/code/minimal/local-test-sqlite3-full-01/afc-sqlite3/test/ossfuzz.c.timeOfDay -> timeOfDay
2025/10/30 20:26:27 *** ossfuzz.c function: /home/nate/code/minimal/local-test-sqlite3-full-01/afc-sqlite3/test/ossfuzz.c.progress_handler -> progress_handler
2025/10/30 20:26:27 *** ossfuzz.c function: /home/nate/code/minimal/local-test-sqlite3-full-01/afc-sqlite3/test/ossfuzz.c.block_debug_pragmas -> block_debug_pragmas
2025/10/30 20:26:27 Processed ossfuzz.c: found 6 functions
line 61:0 token recognition error at: ''
line 194:0 token recognition error at: ''
line 328:0 token recognition error at: ''
line 461:0 token recognition error at: ''
line 486:0 token recognition error at: ''
line 494:0 token recognition error at: ''
line 550:0 token recognition error at: ''
line 591:0 token recognition error at: ''
line 683:0 token recognition error at: ''
line 693:0 token recognition error at: ''
2025/10/30 20:26:27 Processed nmakehlp.c: found 13 functions
2025/10/30 20:26:27 Processed jimsh0.c: found 0 functions
2025/10/30 20:26:27 Processed expert.c: found 5 functions
2025/10/30 20:26:27 Processed sqlite3expert.c: found 65 functions
2025/10/30 20:26:27 Processed sqlite3expert.h: found 0 functions
2025/10/30 20:26:27 Processed test_expert.c: found 5 functions
2025/10/30 20:26:27 Processed fts3.c: found 74 functions
2025/10/30 20:26:27 Processed fts3.h: found 0 functions
2025/10/30 20:26:28 Processed fts3Int.h: found 0 functions
2025/10/30 20:26:28 Processed fts3_aux.c: found 12 functions
2025/10/30 20:26:28 Processed fts3_expr.c: found 21 functions
2025/10/30 20:26:28 Processed fts3_hash.c: found 17 functions
2025/10/30 20:26:28 Processed fts3_hash.h: found 0 functions
2025/10/30 20:26:28 Processed fts3_icu.c: found 6 functions
2025/10/30 20:26:28 Processed fts3_porter.c: found 17 functions
2025/10/30 20:26:28 Processed fts3_snippet.c: found 37 functions
2025/10/30 20:26:28 Processed fts3_term.c: found 11 functions
2025/10/30 20:26:28 Processed fts3_test.c: found 17 functions
2025/10/30 20:26:28 Processed fts3_tokenize_vtab.c: found 14 functions
2025/10/30 20:26:28 Processed fts3_tokenizer.c: found 10 functions
2025/10/30 20:26:28 Processed fts3_tokenizer.h: found 0 functions
2025/10/30 20:26:28 Processed fts3_tokenizer1.c: found 8 functions
2025/10/30 20:26:28 Processed fts3_unicode.c: found 9 functions
2025/10/30 20:26:28 Processed fts3_unicode2.c: found 4 functions
2025/10/30 20:26:28 Processed fts3_write.c: found 117 functions
2025/10/30 20:26:28 Processed fts3view.c: found 21 functions
2025/10/30 20:26:28 Processed fts5.h: found 0 functions
2025/10/30 20:26:28 Processed fts5Int.h: found 0 functions
2025/10/30 20:26:28 Processed fts5_aux.c: found 15 functions
2025/10/30 20:26:28 Processed fts5_buffer.c: found 22 functions
2025/10/30 20:26:28 Processed fts5_config.c: found 22 functions
2025/10/30 20:26:28 Processed fts5_expr.c: found 92 functions
2025/10/30 20:26:28 Processed fts5_hash.c: found 17 functions
2025/10/30 20:26:28 Processed fts5_index.c: found 229 functions
2025/10/30 20:26:28 Processed fts5_main.c: found 111 functions
2025/10/30 20:26:28 Processed fts5_storage.c: found 37 functions
2025/10/30 20:26:28 Processed fts5_tcl.c: found 40 functions
2025/10/30 20:26:28 Processed fts5_test_mi.c: found 9 functions
2025/10/30 20:26:28 Processed fts5_test_tok.c: found 15 functions
2025/10/30 20:26:28 Processed fts5_tokenize.c: found 37 functions
2025/10/30 20:26:28 Processed fts5_unicode2.c: found 6 functions
2025/10/30 20:26:28 Processed fts5_varint.c: found 5 functions
2025/10/30 20:26:28 Processed fts5_vocab.c: found 18 functions
2025/10/30 20:26:28 Processed icu.c: found 12 functions
2025/10/30 20:26:28 Processed sqliteicu.h: found 0 functions
2025/10/30 20:26:28 Processed sqlite3intck.c: found 23 functions
2025/10/30 20:26:28 Processed sqlite3intck.h: found 0 functions
2025/10/30 20:26:28 Processed test_intck.c: found 5 functions
2025/10/30 20:26:29 Processed sqlite3-jni.c: found 71 functions
2025/10/30 20:26:29 Processed sqlite3-jni.h: found 0 functions
2025/10/30 20:26:29 Processed lsmtest.h: found 0 functions
2025/10/30 20:26:29 Processed lsmtest1.c: found 19 functions
2025/10/30 20:26:29 Processed lsmtest2.c: found 17 functions
2025/10/30 20:26:29 Processed lsmtest3.c: found 10 functions
2025/10/30 20:26:29 Processed lsmtest4.c: found 2 functions
2025/10/30 20:26:29 Processed lsmtest5.c: found 25 functions
2025/10/30 20:26:29 Processed lsmtest6.c: found 38 functions
2025/10/30 20:26:29 Processed lsmtest7.c: found 6 functions
2025/10/30 20:26:29 Processed lsmtest8.c: found 10 functions
2025/10/30 20:26:29 Processed lsmtest9.c: found 3 functions
2025/10/30 20:26:29 Processed lsmtest_bt.c: found 1 functions
2025/10/30 20:26:29 Processed lsmtest_datasource.c: found 4 functions
2025/10/30 20:26:29 Processed lsmtest_func.c: found 2 functions
2025/10/30 20:26:29 Processed lsmtest_io.c: found 6 functions
2025/10/30 20:26:29 Processed lsmtest_main.c: found 49 functions
2025/10/30 20:26:29 Processed lsmtest_mem.c: found 23 functions
2025/10/30 20:26:29 Processed lsmtest_tdb.c: found 44 functions
2025/10/30 20:26:29 Processed lsmtest_tdb.h: found 0 functions
2025/10/30 20:26:29 Processed lsmtest_tdb2.cc: found 1 functions
2025/10/30 20:26:29 Processed lsmtest_tdb3.c: found 67 functions
2025/10/30 20:26:29 Processed lsmtest_tdb4.c: found 41 functions
2025/10/30 20:26:29 Processed lsmtest_util.c: found 14 functions
2025/10/30 20:26:29 Processed lsmtest_win32.c: found 1 functions
2025/10/30 20:26:29 Processed lsm.h: found 0 functions
2025/10/30 20:26:29 Processed lsmInt.h: found 0 functions
2025/10/30 20:26:29 Processed lsm_ckpt.c: found 41 functions
2025/10/30 20:26:29 Processed lsm_file.c: found 115 functions
2025/10/30 20:26:29 Processed lsm_log.c: found 24 functions
2025/10/30 20:26:29 Processed lsm_main.c: found 42 functions
2025/10/30 20:26:29 Processed lsm_mem.c: found 12 functions
2025/10/30 20:26:29 Processed lsm_mutex.c: found 8 functions
2025/10/30 20:26:29 Processed lsm_shared.c: found 58 functions
2025/10/30 20:26:29 Processed lsm_sorted.c: found 159 functions
2025/10/30 20:26:29 Processed lsm_str.c: found 9 functions
2025/10/30 20:26:29 Processed lsm_tree.c: found 76 functions
2025/10/30 20:26:29 Processed lsm_unix.c: found 31 functions
2025/10/30 20:26:29 Processed lsm_varint.c: found 10 functions
2025/10/30 20:26:29 Processed lsm_vtab.c: found 29 functions
2025/10/30 20:26:29 Processed lsm_win32.c: found 41 functions
2025/10/30 20:26:29 Processed amatch.c: found 38 functions
2025/10/30 20:26:29 Processed anycollseq.c: found 3 functions
2025/10/30 20:26:29 Processed appendvfs.c: found 39 functions
2025/10/30 20:26:29 Processed base64.c: found 5 functions
2025/10/30 20:26:29 Processed base85.c: found 12 functions
2025/10/30 20:26:29 Processed basexx.c: found 2 functions
2025/10/30 20:26:29 Processed blobio.c: found 3 functions
2025/10/30 20:26:29 Processed btreeinfo.c: found 15 functions
2025/10/30 20:26:29 Processed carray.c: found 14 functions
2025/10/30 20:26:29 Processed carray.h: found 0 functions
2025/10/30 20:26:29 Total functions extracted: 2444
2025/10/30 20:26:29 Building improved call graph...
2025/10/30 20:26:30 Built improved call graph with 4591 function calls and 29615 total call graph entries
2025/10/30 20:26:30 Sample call graph entries:
2025/10/30 20:26:30   /home/nate/code/minimal/local-test-sqlite3-full-01/afc-sqlite3/ext/lsm1/lsm-test/lsmtest8.c.doWriterCrash2 -> [/home/nate/code/minimal/local-test-sqlite3-full-01/afc-sqlite3/ext/lsm1/lsm-test/lsmtest_tdb3.c.tdb_lsm_open /home/nate/code/minimal/local-test-sqlite3-full-01/afc-sqlite3/ext/lsm1/lsm-test/lsmtest_main.c.testMalloc /home/nate/code/minimal/local-test-sqlite3-full-01/afc-sqlite3/ext/lsm1/lsm-test/lsmtest8.c.setupDatabase1]
2025/10/30 20:26:30   /home/nate/code/minimal/local-test-sqlite3-full-01/afc-sqlite3/ext/fts5/fts5_main.c.fts5DestroyMethod -> [/home/nate/code/minimal/local-test-sqlite3-full-01/afc-sqlite3/ext/fts5/fts5_storage.c.sqlite3Fts5DropAll /home/nate/code/minimal/local-test-sqlite3-full-01/afc-sqlite3/ext/fts5/fts5_main.c.fts5FreeVtab]
2025/10/30 20:26:30   /home/nate/code/minimal/local-test-sqlite3-full-01/afc-sqlite3/ext/fts3/fts3_expr.c.fts3ExprTestRebalance -> [/home/nate/code/minimal/local-test-sqlite3-full-01/afc-sqlite3/ext/fts3/fts3_expr.c.fts3ExprTestCommon]
2025/10/30 20:26:30   /home/nate/code/minimal/local-test-sqlite3-full-01/afc-sqlite3/ext/lsm1/lsm_main.c.getFullpathname -> [external.xFullpath /home/nate/code/minimal/local-test-sqlite3-full-01/afc-sqlite3/ext/lsm1/lsm_mem.c.lsmReallocOrFreeRc /home/nate/code/minimal/local-test-sqlite3-full-01/afc-sqlite3/ext/lsm1/lsm_mem.c.lsmFree]
2025/10/30 20:26:30   /home/nate/code/minimal/local-test-sqlite3-full-01/afc-sqlite3/ext/lsm1/lsm_file.c.lsmFsGobble -> [external.assert /home/nate/code/minimal/local-test-sqlite3-full-01/afc-sqlite3/ext/lsm1/lsm_file.c.fsSegmentRedirects /home/nate/code/minimal/local-test-sqlite3-full-01/afc-sqlite3/ext/lsm1/lsm_file.c.fsPageRedirects]
2025/10/30 20:26:30 Looking for entry points: [LLVMFuzzerTestOneInput fuzzerTestOneInput] in fuzzer: /home/nate/code/minimal/local-test-sqlite3-full-01/afc-sqlite3/test/ossfuzz.c
2025/10/30 20:26:30 Available functions: 2444
2025/10/30 20:26:30   Function[0]: /home/nate/code/minimal/local-test-sqlite3-full-01/afc-sqlite3/ext/lsm1/lsm_tree.c.treeRepairList -> treeRepairList
2025/10/30 20:26:30   Function[1]: /home/nate/code/minimal/local-test-sqlite3-full-01/afc-sqlite3/ext/fts5/fts5_vocab.c.fts5VocabDisconnectMethod -> fts5VocabDisconnectMethod
2025/10/30 20:26:30   Function[2]: /home/nate/code/minimal/local-test-sqlite3-full-01/afc-sqlite3/ext/lsm1/lsm_sorted.c.mergeWorkerFirstPage -> mergeWorkerFirstPage
2025/10/30 20:26:30   Function[3]: /home/nate/code/minimal/local-test-sqlite3-full-01/afc-sqlite3/ext/misc/basexx.c.init_api_ptr -> init_api_ptr
2025/10/30 20:26:30   Function[4]: /home/nate/code/minimal/local-test-sqlite3-full-01/afc-sqlite3/ext/fts3/fts3_write.c.sqlite3Fts3SegReaderPending -> sqlite3Fts3SegReaderPending
2025/10/30 20:26:30 Found entry point LLVMFuzzerTestOneInput at key: /home/nate/code/minimal/local-test-sqlite3-full-01/afc-sqlite3/test/ossfuzz.c.LLVMFuzzerTestOneInput
2025/10/30 20:26:30 Found 20 reachable functions from LLVMFuzzerTestOneInput (key: /crs-workdir/home/nate/code/minimal/local-test-sqlite3-full-01/afc-sqlite3/test/ossfuzz.c.LLVMFuzzerTestOneInput)
2025/10/30 20:26:30   Reachable[0]: external.sqlite_exec
2025/10/30 20:26:30   Reachable[1]: external.sqlite3_limit
2025/10/30 20:26:30   Reachable[2]: external.sqlite3_hard_heap_limit64
2025/10/30 20:26:30   Reachable[3]: external.sqlite3_complete
2025/10/30 20:26:30   Reachable[4]: external.sqlite3_exec
2025/10/30 20:26:30   Reachable[5]: external.printf
2025/10/30 20:26:30   Reachable[6]: external.xCurrentTime
2025/10/30 20:26:30   Reachable[7]: /home/nate/code/minimal/local-test-sqlite3-full-01/afc-sqlite3/test/ossfuzz.c.timeOfDay
2025/10/30 20:26:30   Reachable[8]: external.sqlite3_free
2025/10/30 20:26:30   Reachable[9]: external.sqlite3_close
2025/10/30 20:26:30 Direct source analysis completed successfully
[DEBUG] findPotentiallyVulnerableReachableFunctions entryPoint: /crs-workdir/home/nate/code/minimal/local-test-sqlite3-full-01/afc-sqlite3/test/ossfuzz.c.LLVMFuzzerTestOneInput
[DEBUG] EngineMainReachable reachable functions: 20  |  total words: 41  entryPoint /crs-workdir/home/nate/code/minimal/local-test-sqlite3-full-01/afc-sqlite3/test/ossfuzz.c.LLVMFuzzerTestOneInput
[GIN] 2025/10/30 - 20:26:30 | 200 |  2.337638589s |       127.0.0.1 | POST     "/v1/reachable"
2025/10/30 20:35:10 Received reachable functions analysis request for fuzzer: /home/nate/code/minimal/local-test-sqlite3-full-01/afc-sqlite3/test/ossfuzz.c
2025/10/30 20:35:10 Full request details - TaskID: "", ProjectSourceDir: "/home/nate/code/minimal/local-test-sqlite3-full-01/afc-sqlite3", Focus: "test"
2025/10/30 20:35:10 Empty TaskID - running actual static analysis for local SQLite
2025/10/30 20:35:10 Running direct source analysis for local SQLite project
2025/10/30 20:35:10 Project source dir: /home/nate/code/minimal/local-test-sqlite3-full-01/afc-sqlite3
2025/10/30 20:35:10 Fuzzer source path: /home/nate/code/minimal/local-test-sqlite3-full-01/afc-sqlite3/test/ossfuzz.c
2025/10/30 20:35:10 Starting direct source analysis for project: /home/nate/code/minimal/local-test-sqlite3-full-01/afc-sqlite3
2025/10/30 20:35:10 *** CUSTOM DEBUG *** Found 553 source files to analyze
2025/10/30 20:35:10 Fuzzer file found at position 359: /home/nate/code/minimal/local-test-sqlite3-full-01/afc-sqlite3/test/ossfuzz.c
2025/10/30 20:35:10 Moved fuzzer file to front: /home/nate/code/minimal/local-test-sqlite3-full-01/afc-sqlite3/test/ossfuzz.c
2025/10/30 20:35:10 Limited analysis to first 100 source files (fuzzer file moved to front)
2025/10/30 20:35:10 *** Processing ossfuzz.c file: /home/nate/code/minimal/local-test-sqlite3-full-01/afc-sqlite3/test/ossfuzz.c
2025/10/30 20:35:10 *** ossfuzz.c function: /home/nate/code/minimal/local-test-sqlite3-full-01/afc-sqlite3/test/ossfuzz.c.ossfuzz_set_debug_flags -> ossfuzz_set_debug_flags
2025/10/30 20:35:10 *** ossfuzz.c function: /home/nate/code/minimal/local-test-sqlite3-full-01/afc-sqlite3/test/ossfuzz.c.timeOfDay -> timeOfDay
2025/10/30 20:35:10 *** ossfuzz.c function: /home/nate/code/minimal/local-test-sqlite3-full-01/afc-sqlite3/test/ossfuzz.c.progress_handler -> progress_handler
2025/10/30 20:35:10 *** ossfuzz.c function: /home/nate/code/minimal/local-test-sqlite3-full-01/afc-sqlite3/test/ossfuzz.c.block_debug_pragmas -> block_debug_pragmas
2025/10/30 20:35:10 *** ossfuzz.c function: /home/nate/code/minimal/local-test-sqlite3-full-01/afc-sqlite3/test/ossfuzz.c.exec_handler -> exec_handler
2025/10/30 20:35:10 *** ossfuzz.c function: /home/nate/code/minimal/local-test-sqlite3-full-01/afc-sqlite3/test/ossfuzz.c.LLVMFuzzerTestOneInput -> LLVMFuzzerTestOneInput
2025/10/30 20:35:10 Processed ossfuzz.c: found 6 functions
line 61:0 token recognition error at: ''
line 194:0 token recognition error at: ''
line 328:0 token recognition error at: ''
line 461:0 token recognition error at: ''
line 486:0 token recognition error at: ''
line 494:0 token recognition error at: ''
line 550:0 token recognition error at: ''
line 591:0 token recognition error at: ''
line 683:0 token recognition error at: ''
line 693:0 token recognition error at: ''
2025/10/30 20:35:10 Processed nmakehlp.c: found 13 functions
2025/10/30 20:35:10 Processed jimsh0.c: found 0 functions
2025/10/30 20:35:10 Processed expert.c: found 5 functions
2025/10/30 20:35:10 Processed sqlite3expert.c: found 65 functions
2025/10/30 20:35:10 Processed sqlite3expert.h: found 0 functions
2025/10/30 20:35:10 Processed test_expert.c: found 5 functions
2025/10/30 20:35:11 Processed fts3.c: found 74 functions
2025/10/30 20:35:11 Processed fts3.h: found 0 functions
2025/10/30 20:35:11 Processed fts3Int.h: found 0 functions
2025/10/30 20:35:11 Processed fts3_aux.c: found 12 functions
2025/10/30 20:35:11 Processed fts3_expr.c: found 21 functions
2025/10/30 20:35:11 Processed fts3_hash.c: found 17 functions
2025/10/30 20:35:11 Processed fts3_hash.h: found 0 functions
2025/10/30 20:35:11 Processed fts3_icu.c: found 6 functions
2025/10/30 20:35:11 Processed fts3_porter.c: found 17 functions
2025/10/30 20:35:11 Processed fts3_snippet.c: found 37 functions
2025/10/30 20:35:11 Processed fts3_term.c: found 11 functions
2025/10/30 20:35:11 Processed fts3_test.c: found 17 functions
2025/10/30 20:35:11 Processed fts3_tokenize_vtab.c: found 14 functions
2025/10/30 20:35:11 Processed fts3_tokenizer.c: found 10 functions
2025/10/30 20:35:11 Processed fts3_tokenizer.h: found 0 functions
2025/10/30 20:35:11 Processed fts3_tokenizer1.c: found 8 functions
2025/10/30 20:35:11 Processed fts3_unicode.c: found 9 functions
2025/10/30 20:35:11 Processed fts3_unicode2.c: found 4 functions
2025/10/30 20:35:11 Processed fts3_write.c: found 117 functions
2025/10/30 20:35:11 Processed fts3view.c: found 21 functions
2025/10/30 20:35:11 Processed fts5.h: found 0 functions
2025/10/30 20:35:11 Processed fts5Int.h: found 0 functions
2025/10/30 20:35:11 Processed fts5_aux.c: found 15 functions
2025/10/30 20:35:11 Processed fts5_buffer.c: found 22 functions
2025/10/30 20:35:11 Processed fts5_config.c: found 22 functions
2025/10/30 20:35:11 Processed fts5_expr.c: found 92 functions
2025/10/30 20:35:11 Processed fts5_hash.c: found 17 functions
2025/10/30 20:35:11 Processed fts5_index.c: found 229 functions
2025/10/30 20:35:11 Processed fts5_main.c: found 111 functions
2025/10/30 20:35:11 Processed fts5_storage.c: found 37 functions
2025/10/30 20:35:11 Processed fts5_tcl.c: found 40 functions
2025/10/30 20:35:11 Processed fts5_test_mi.c: found 9 functions
2025/10/30 20:35:11 Processed fts5_test_tok.c: found 15 functions
2025/10/30 20:35:11 Processed fts5_tokenize.c: found 37 functions
2025/10/30 20:35:11 Processed fts5_unicode2.c: found 6 functions
2025/10/30 20:35:11 Processed fts5_varint.c: found 5 functions
2025/10/30 20:35:11 Processed fts5_vocab.c: found 18 functions
2025/10/30 20:35:11 Processed icu.c: found 12 functions
2025/10/30 20:35:11 Processed sqliteicu.h: found 0 functions
2025/10/30 20:35:11 Processed sqlite3intck.c: found 23 functions
2025/10/30 20:35:11 Processed sqlite3intck.h: found 0 functions
2025/10/30 20:35:11 Processed test_intck.c: found 5 functions
2025/10/30 20:35:12 Processed sqlite3-jni.c: found 71 functions
2025/10/30 20:35:12 Processed sqlite3-jni.h: found 0 functions
2025/10/30 20:35:12 Processed lsmtest.h: found 0 functions
2025/10/30 20:35:12 Processed lsmtest1.c: found 19 functions
2025/10/30 20:35:12 Processed lsmtest2.c: found 17 functions
2025/10/30 20:35:12 Processed lsmtest3.c: found 10 functions
2025/10/30 20:35:12 Processed lsmtest4.c: found 2 functions
2025/10/30 20:35:12 Processed lsmtest5.c: found 25 functions
2025/10/30 20:35:12 Processed lsmtest6.c: found 38 functions
2025/10/30 20:35:12 Processed lsmtest7.c: found 6 functions
2025/10/30 20:35:12 Processed lsmtest8.c: found 10 functions
2025/10/30 20:35:12 Processed lsmtest9.c: found 3 functions
2025/10/30 20:35:12 Processed lsmtest_bt.c: found 1 functions
2025/10/30 20:35:12 Processed lsmtest_datasource.c: found 4 functions
2025/10/30 20:35:12 Processed lsmtest_func.c: found 2 functions
2025/10/30 20:35:12 Processed lsmtest_io.c: found 6 functions
2025/10/30 20:35:12 Processed lsmtest_main.c: found 49 functions
2025/10/30 20:35:12 Processed lsmtest_mem.c: found 23 functions
2025/10/30 20:35:12 Processed lsmtest_tdb.c: found 44 functions
2025/10/30 20:35:12 Processed lsmtest_tdb.h: found 0 functions
2025/10/30 20:35:12 Processed lsmtest_tdb2.cc: found 1 functions
2025/10/30 20:35:12 Processed lsmtest_tdb3.c: found 67 functions
2025/10/30 20:35:12 Processed lsmtest_tdb4.c: found 41 functions
2025/10/30 20:35:12 Processed lsmtest_util.c: found 14 functions
2025/10/30 20:35:12 Processed lsmtest_win32.c: found 1 functions
2025/10/30 20:35:12 Processed lsm.h: found 0 functions
2025/10/30 20:35:12 Processed lsmInt.h: found 0 functions
2025/10/30 20:35:12 Processed lsm_ckpt.c: found 41 functions
2025/10/30 20:35:12 Processed lsm_file.c: found 115 functions
2025/10/30 20:35:12 Processed lsm_log.c: found 24 functions
2025/10/30 20:35:12 Processed lsm_main.c: found 42 functions
2025/10/30 20:35:12 Processed lsm_mem.c: found 12 functions
2025/10/30 20:35:12 Processed lsm_mutex.c: found 8 functions
2025/10/30 20:35:12 Processed lsm_shared.c: found 58 functions
2025/10/30 20:35:12 Processed lsm_sorted.c: found 159 functions
2025/10/30 20:35:12 Processed lsm_str.c: found 9 functions
2025/10/30 20:35:12 Processed lsm_tree.c: found 76 functions
2025/10/30 20:35:12 Processed lsm_unix.c: found 31 functions
2025/10/30 20:35:12 Processed lsm_varint.c: found 10 functions
2025/10/30 20:35:12 Processed lsm_vtab.c: found 29 functions
2025/10/30 20:35:12 Processed lsm_win32.c: found 41 functions
2025/10/30 20:35:12 Processed amatch.c: found 38 functions
2025/10/30 20:35:12 Processed anycollseq.c: found 3 functions
2025/10/30 20:35:12 Processed appendvfs.c: found 39 functions
2025/10/30 20:35:12 Processed base64.c: found 5 functions
2025/10/30 20:35:12 Processed base85.c: found 12 functions
2025/10/30 20:35:12 Processed basexx.c: found 2 functions
2025/10/30 20:35:12 Processed blobio.c: found 3 functions
2025/10/30 20:35:12 Processed btreeinfo.c: found 15 functions
2025/10/30 20:35:12 Processed carray.c: found 14 functions
2025/10/30 20:35:12 Processed carray.h: found 0 functions
2025/10/30 20:35:12 Total functions extracted: 2444
2025/10/30 20:35:12 Building improved call graph...
2025/10/30 20:35:13 Built improved call graph with 4591 function calls and 29615 total call graph entries
2025/10/30 20:35:13 Sample call graph entries:
2025/10/30 20:35:13   /home/nate/code/minimal/local-test-sqlite3-full-01/afc-sqlite3/ext/fts5/fts5_tcl.c.f5tTokenHash -> [external.Tcl_WrongNumArgs external.Tcl_GetIntFromObj external.Tcl_GetStringFromObj]
2025/10/30 20:35:13   /home/nate/code/minimal/local-test-sqlite3-full-01/afc-sqlite3/ext/fts3/tool/fts3view.c.showStat -> [/home/nate/code/minimal/local-test-sqlite3-full-01/afc-sqlite3/ext/fts3/tool/fts3view.c.prepare external.sqlite3_step external.printf]
2025/10/30 20:35:13   /home/nate/code/minimal/local-test-sqlite3-full-01/afc-sqlite3/ext/lsm1/lsm_vtab.c.lsm1PutSignedVarint64 -> [/home/nate/code/minimal/local-test-sqlite3-full-01/afc-sqlite3/ext/lsm1/lsm_vtab.c.lsm1PutVarint64]
2025/10/30 20:35:13   /home/nate/code/minimal/local-test-sqlite3-full-01/afc-sqlite3/ext/lsm1/lsm_sorted.c.mcursorSave -> [/home/nate/code/minimal/local-test-sqlite3-full-01/afc-sqlite3/ext/lsm1/lsm_sorted.c.multiCursorCacheKey /home/nate/code/minimal/local-test-sqlite3-full-01/afc-sqlite3/ext/lsm1/lsm_sorted.c.mcursorFreeComponents]
2025/10/30 20:35:13   /home/nate/code/minimal/local-test-sqlite3-full-01/afc-sqlite3/ext/fts5/fts5_main.c.fts5TripCursors -> [external.CsrFlagSet]
2025/10/30 20:35:13 Looking for entry points: [LLVMFuzzerTestOneInput fuzzerTestOneInput] in fuzzer: /home/nate/code/minimal/local-test-sqlite3-full-01/afc-sqlite3/test/ossfuzz.c
2025/10/30 20:35:13 Available functions: 2444
2025/10/30 20:35:13   Function[0]: /home/nate/code/minimal/local-test-sqlite3-full-01/afc-sqlite3/ext/fts3/fts3_icu.c.icuDestroy -> icuDestroy
2025/10/30 20:35:13   Function[1]: /home/nate/code/minimal/local-test-sqlite3-full-01/afc-sqlite3/ext/fts3/fts3_term.c.fts3termOpenMethod -> fts3termOpenMethod
2025/10/30 20:35:13   Function[2]: /home/nate/code/minimal/local-test-sqlite3-full-01/afc-sqlite3/ext/fts5/fts5_expr.c.fts5ExprNodeZeroPoslist -> fts5ExprNodeZeroPoslist
2025/10/30 20:35:13   Function[3]: /home/nate/code/minimal/local-test-sqlite3-full-01/afc-sqlite3/ext/fts5/fts5_index.c.fts5IndexPrepareStmt -> fts5IndexPrepareStmt
2025/10/30 20:35:13   Function[4]: /home/nate/code/minimal/local-test-sqlite3-full-01/afc-sqlite3/ext/jni/src/c/sqlite3-jni.c.OutputPointer_set_Int32 -> OutputPointer_set_Int32
2025/10/30 20:35:13 Found entry point LLVMFuzzerTestOneInput at key: /home/nate/code/minimal/local-test-sqlite3-full-01/afc-sqlite3/test/ossfuzz.c.LLVMFuzzerTestOneInput
2025/10/30 20:35:13 Found 20 reachable functions from LLVMFuzzerTestOneInput (key: /crs-workdir/home/nate/code/minimal/local-test-sqlite3-full-01/afc-sqlite3/test/ossfuzz.c.LLVMFuzzerTestOneInput)
2025/10/30 20:35:13   Reachable[0]: external.sqlite3_set_authorizer
2025/10/30 20:35:13   Reachable[1]: external.printf
2025/10/30 20:35:13   Reachable[2]: external.sqlite_exec
2025/10/30 20:35:13   Reachable[3]: external.sqlite3_initialize
2025/10/30 20:35:13   Reachable[4]: /home/nate/code/minimal/local-test-sqlite3-full-01/afc-sqlite3/test/ossfuzz.c.timeOfDay
2025/10/30 20:35:13   Reachable[5]: external.sqlite3_close
2025/10/30 20:35:13   Reachable[6]: external.xCurrentTimeInt64
2025/10/30 20:35:13   Reachable[7]: external.sqlite3_progress_handler
2025/10/30 20:35:13   Reachable[8]: external.sqlite3_limit
2025/10/30 20:35:13   Reachable[9]: external.sqlite3_exec
2025/10/30 20:35:13 Direct source analysis completed successfully
[DEBUG] findPotentiallyVulnerableReachableFunctions entryPoint: /crs-workdir/home/nate/code/minimal/local-test-sqlite3-full-01/afc-sqlite3/test/ossfuzz.c.LLVMFuzzerTestOneInput
[DEBUG] EngineMainReachable reachable functions: 20  |  total words: 41  entryPoint /crs-workdir/home/nate/code/minimal/local-test-sqlite3-full-01/afc-sqlite3/test/ossfuzz.c.LLVMFuzzerTestOneInput
[GIN] 2025/10/30 - 20:35:13 | 200 |  2.298193302s |       127.0.0.1 | POST     "/v1/reachable"
2025/10/30 20:45:25 Received reachable functions analysis request for fuzzer: /home/nate/code/minimal/local-test-sqlite3-full-01/afc-sqlite3/test/ossfuzz.c
2025/10/30 20:45:25 Full request details - TaskID: "", ProjectSourceDir: "/home/nate/code/minimal/local-test-sqlite3-full-01/afc-sqlite3", Focus: "test"
2025/10/30 20:45:25 Empty TaskID - running actual static analysis for local SQLite
2025/10/30 20:45:25 Running direct source analysis for local SQLite project
2025/10/30 20:45:25 Project source dir: /home/nate/code/minimal/local-test-sqlite3-full-01/afc-sqlite3
2025/10/30 20:45:25 Fuzzer source path: /home/nate/code/minimal/local-test-sqlite3-full-01/afc-sqlite3/test/ossfuzz.c
2025/10/30 20:45:25 Starting direct source analysis for project: /home/nate/code/minimal/local-test-sqlite3-full-01/afc-sqlite3
2025/10/30 20:45:25 *** CUSTOM DEBUG *** Found 553 source files to analyze
2025/10/30 20:45:25 Fuzzer file found at position 359: /home/nate/code/minimal/local-test-sqlite3-full-01/afc-sqlite3/test/ossfuzz.c
2025/10/30 20:45:25 Moved fuzzer file to front: /home/nate/code/minimal/local-test-sqlite3-full-01/afc-sqlite3/test/ossfuzz.c
2025/10/30 20:45:25 Limited analysis to first 100 source files (fuzzer file moved to front)
2025/10/30 20:45:25 *** Processing ossfuzz.c file: /home/nate/code/minimal/local-test-sqlite3-full-01/afc-sqlite3/test/ossfuzz.c
2025/10/30 20:45:25 *** ossfuzz.c function: /home/nate/code/minimal/local-test-sqlite3-full-01/afc-sqlite3/test/ossfuzz.c.progress_handler -> progress_handler
2025/10/30 20:45:25 *** ossfuzz.c function: /home/nate/code/minimal/local-test-sqlite3-full-01/afc-sqlite3/test/ossfuzz.c.block_debug_pragmas -> block_debug_pragmas
2025/10/30 20:45:25 *** ossfuzz.c function: /home/nate/code/minimal/local-test-sqlite3-full-01/afc-sqlite3/test/ossfuzz.c.exec_handler -> exec_handler
2025/10/30 20:45:25 *** ossfuzz.c function: /home/nate/code/minimal/local-test-sqlite3-full-01/afc-sqlite3/test/ossfuzz.c.LLVMFuzzerTestOneInput -> LLVMFuzzerTestOneInput
2025/10/30 20:45:25 *** ossfuzz.c function: /home/nate/code/minimal/local-test-sqlite3-full-01/afc-sqlite3/test/ossfuzz.c.ossfuzz_set_debug_flags -> ossfuzz_set_debug_flags
2025/10/30 20:45:25 *** ossfuzz.c function: /home/nate/code/minimal/local-test-sqlite3-full-01/afc-sqlite3/test/ossfuzz.c.timeOfDay -> timeOfDay
2025/10/30 20:45:25 Processed ossfuzz.c: found 6 functions
line 61:0 token recognition error at: ''
line 194:0 token recognition error at: ''
line 328:0 token recognition error at: ''
line 461:0 token recognition error at: ''
line 486:0 token recognition error at: ''
line 494:0 token recognition error at: ''
line 550:0 token recognition error at: ''
line 591:0 token recognition error at: ''
line 683:0 token recognition error at: ''
line 693:0 token recognition error at: ''
2025/10/30 20:45:25 Processed nmakehlp.c: found 13 functions
2025/10/30 20:45:25 Processed jimsh0.c: found 0 functions
2025/10/30 20:45:25 Processed expert.c: found 5 functions
2025/10/30 20:45:25 Processed sqlite3expert.c: found 65 functions
2025/10/30 20:45:25 Processed sqlite3expert.h: found 0 functions
2025/10/30 20:45:25 Processed test_expert.c: found 5 functions
2025/10/30 20:45:25 Processed fts3.c: found 74 functions
2025/10/30 20:45:25 Processed fts3.h: found 0 functions
2025/10/30 20:45:25 Processed fts3Int.h: found 0 functions
2025/10/30 20:45:25 Processed fts3_aux.c: found 12 functions
2025/10/30 20:45:25 Processed fts3_expr.c: found 21 functions
2025/10/30 20:45:25 Processed fts3_hash.c: found 17 functions
2025/10/30 20:45:25 Processed fts3_hash.h: found 0 functions
2025/10/30 20:45:25 Processed fts3_icu.c: found 6 functions
2025/10/30 20:45:25 Processed fts3_porter.c: found 17 functions
2025/10/30 20:45:26 Processed fts3_snippet.c: found 37 functions
2025/10/30 20:45:26 Processed fts3_term.c: found 11 functions
2025/10/30 20:45:26 Processed fts3_test.c: found 17 functions
2025/10/30 20:45:26 Processed fts3_tokenize_vtab.c: found 14 functions
2025/10/30 20:45:26 Processed fts3_tokenizer.c: found 10 functions
2025/10/30 20:45:26 Processed fts3_tokenizer.h: found 0 functions
2025/10/30 20:45:26 Processed fts3_tokenizer1.c: found 8 functions
2025/10/30 20:45:26 Processed fts3_unicode.c: found 9 functions
2025/10/30 20:45:26 Processed fts3_unicode2.c: found 4 functions
2025/10/30 20:45:26 Processed fts3_write.c: found 117 functions
2025/10/30 20:45:26 Processed fts3view.c: found 21 functions
2025/10/30 20:45:26 Processed fts5.h: found 0 functions
2025/10/30 20:45:26 Processed fts5Int.h: found 0 functions
2025/10/30 20:45:26 Processed fts5_aux.c: found 15 functions
2025/10/30 20:45:26 Processed fts5_buffer.c: found 22 functions
2025/10/30 20:45:26 Processed fts5_config.c: found 22 functions
2025/10/30 20:45:26 Processed fts5_expr.c: found 92 functions
2025/10/30 20:45:26 Processed fts5_hash.c: found 17 functions
2025/10/30 20:45:26 Processed fts5_index.c: found 229 functions
2025/10/30 20:45:26 Processed fts5_main.c: found 111 functions
2025/10/30 20:45:26 Processed fts5_storage.c: found 37 functions
2025/10/30 20:45:26 Processed fts5_tcl.c: found 40 functions
2025/10/30 20:45:26 Processed fts5_test_mi.c: found 9 functions
2025/10/30 20:45:26 Processed fts5_test_tok.c: found 15 functions
2025/10/30 20:45:26 Processed fts5_tokenize.c: found 37 functions
2025/10/30 20:45:26 Processed fts5_unicode2.c: found 6 functions
2025/10/30 20:45:26 Processed fts5_varint.c: found 5 functions
2025/10/30 20:45:26 Processed fts5_vocab.c: found 18 functions
2025/10/30 20:45:26 Processed icu.c: found 12 functions
2025/10/30 20:45:26 Processed sqliteicu.h: found 0 functions
2025/10/30 20:45:26 Processed sqlite3intck.c: found 23 functions
2025/10/30 20:45:26 Processed sqlite3intck.h: found 0 functions
2025/10/30 20:45:26 Processed test_intck.c: found 5 functions
2025/10/30 20:45:26 Processed sqlite3-jni.c: found 71 functions
2025/10/30 20:45:27 Processed sqlite3-jni.h: found 0 functions
2025/10/30 20:45:27 Processed lsmtest.h: found 0 functions
2025/10/30 20:45:27 Processed lsmtest1.c: found 19 functions
2025/10/30 20:45:27 Processed lsmtest2.c: found 17 functions
2025/10/30 20:45:27 Processed lsmtest3.c: found 10 functions
2025/10/30 20:45:27 Processed lsmtest4.c: found 2 functions
2025/10/30 20:45:27 Processed lsmtest5.c: found 25 functions
2025/10/30 20:45:27 Processed lsmtest6.c: found 38 functions
2025/10/30 20:45:27 Processed lsmtest7.c: found 6 functions
2025/10/30 20:45:27 Processed lsmtest8.c: found 10 functions
2025/10/30 20:45:27 Processed lsmtest9.c: found 3 functions
2025/10/30 20:45:27 Processed lsmtest_bt.c: found 1 functions
2025/10/30 20:45:27 Processed lsmtest_datasource.c: found 4 functions
2025/10/30 20:45:27 Processed lsmtest_func.c: found 2 functions
2025/10/30 20:45:27 Processed lsmtest_io.c: found 6 functions
2025/10/30 20:45:27 Processed lsmtest_main.c: found 49 functions
2025/10/30 20:45:27 Processed lsmtest_mem.c: found 23 functions
2025/10/30 20:45:27 Processed lsmtest_tdb.c: found 44 functions
2025/10/30 20:45:27 Processed lsmtest_tdb.h: found 0 functions
2025/10/30 20:45:27 Processed lsmtest_tdb2.cc: found 1 functions
2025/10/30 20:45:27 Processed lsmtest_tdb3.c: found 67 functions
2025/10/30 20:45:27 Processed lsmtest_tdb4.c: found 41 functions
2025/10/30 20:45:27 Processed lsmtest_util.c: found 14 functions
2025/10/30 20:45:27 Processed lsmtest_win32.c: found 1 functions
2025/10/30 20:45:27 Processed lsm.h: found 0 functions
2025/10/30 20:45:27 Processed lsmInt.h: found 0 functions
2025/10/30 20:45:27 Processed lsm_ckpt.c: found 41 functions
2025/10/30 20:45:27 Processed lsm_file.c: found 115 functions
2025/10/30 20:45:27 Processed lsm_log.c: found 24 functions
2025/10/30 20:45:27 Processed lsm_main.c: found 42 functions
2025/10/30 20:45:27 Processed lsm_mem.c: found 12 functions
2025/10/30 20:45:27 Processed lsm_mutex.c: found 8 functions
2025/10/30 20:45:27 Processed lsm_shared.c: found 58 functions
2025/10/30 20:45:27 Processed lsm_sorted.c: found 159 functions
2025/10/30 20:45:27 Processed lsm_str.c: found 9 functions
2025/10/30 20:45:27 Processed lsm_tree.c: found 76 functions
2025/10/30 20:45:27 Processed lsm_unix.c: found 31 functions
2025/10/30 20:45:27 Processed lsm_varint.c: found 10 functions
2025/10/30 20:45:27 Processed lsm_vtab.c: found 29 functions
2025/10/30 20:45:27 Processed lsm_win32.c: found 41 functions
2025/10/30 20:45:27 Processed amatch.c: found 38 functions
2025/10/30 20:45:27 Processed anycollseq.c: found 3 functions
2025/10/30 20:45:27 Processed appendvfs.c: found 39 functions
2025/10/30 20:45:27 Processed base64.c: found 5 functions
2025/10/30 20:45:27 Processed base85.c: found 12 functions
2025/10/30 20:45:27 Processed basexx.c: found 2 functions
2025/10/30 20:45:27 Processed blobio.c: found 3 functions
2025/10/30 20:45:27 Processed btreeinfo.c: found 15 functions
2025/10/30 20:45:27 Processed carray.c: found 14 functions
2025/10/30 20:45:27 Processed carray.h: found 0 functions
2025/10/30 20:45:27 Total functions extracted: 2444
2025/10/30 20:45:27 Building improved call graph...
2025/10/30 20:45:28 Built improved call graph with 4591 function calls and 29615 total call graph entries
2025/10/30 20:45:28 Sample call graph entries:
2025/10/30 20:45:28   /home/nate/code/minimal/local-test-sqlite3-full-01/afc-sqlite3/ext/intck/sqlite3intck.c.intckParseCreateIndexFunc -> [external.sqlite3_value_text external.sqlite3_value_int external.assert]
2025/10/30 20:45:28   /home/nate/code/minimal/local-test-sqlite3-full-01/afc-sqlite3/ext/misc/btreeinfo.c.binfoNext -> [external.sqlite3_step]
2025/10/30 20:45:28   /home/nate/code/minimal/local-test-sqlite3-full-01/afc-sqlite3/ext/jni/src/c/sqlite3-jni.c.s3jni__blob_to_ByteBuffer -> [external.assert /home/nate/code/minimal/local-test-sqlite3-full-01/afc-sqlite3/ext/jni/src/c/sqlite3-jni.c.s3jni__new_ByteBuffer external.GetDirectBufferAddress]
2025/10/30 20:45:28   /home/nate/code/minimal/local-test-sqlite3-full-01/afc-sqlite3/ext/fts5/fts5_index.c.fts5IndexExtractColset -> [/home/nate/code/minimal/local-test-sqlite3-full-01/afc-sqlite3/ext/fts5/fts5_buffer.c.sqlite3Fts5BufferSize external.fts5BufferSafeAppendBlob external.fts5GetVarint32]
2025/10/30 20:45:28   /home/nate/code/minimal/local-test-sqlite3-full-01/afc-sqlite3/ext/lsm1/lsm_main.c.lsm_csr_valid -> [/home/nate/code/minimal/local-test-sqlite3-full-01/afc-sqlite3/ext/lsm1/lsm_sorted.c.lsmMCursorValid]
2025/10/30 20:45:28 Looking for entry points: [LLVMFuzzerTestOneInput fuzzerTestOneInput] in fuzzer: /home/nate/code/minimal/local-test-sqlite3-full-01/afc-sqlite3/test/ossfuzz.c
2025/10/30 20:45:28 Available functions: 2444
2025/10/30 20:45:28   Function[0]: /home/nate/code/minimal/local-test-sqlite3-full-01/afc-sqlite3/ext/misc/appendvfs.c.apndTruncate -> apndTruncate
2025/10/30 20:45:28   Function[1]: /home/nate/code/minimal/local-test-sqlite3-full-01/afc-sqlite3/ext/expert/sqlite3expert.c.idxLargestIndex -> idxLargestIndex
2025/10/30 20:45:28   Function[2]: /home/nate/code/minimal/local-test-sqlite3-full-01/afc-sqlite3/ext/fts3/fts3_term.c.fts3termColumnMethod -> fts3termColumnMethod
2025/10/30 20:45:28   Function[3]: /home/nate/code/minimal/local-test-sqlite3-full-01/afc-sqlite3/ext/fts5/fts5_index.c.fts5BufferCompare -> fts5BufferCompare
2025/10/30 20:45:28   Function[4]: /home/nate/code/minimal/local-test-sqlite3-full-01/afc-sqlite3/ext/fts5/fts5_main.c.sqlite3Fts5LoadTokenizer -> sqlite3Fts5LoadTokenizer
2025/10/30 20:45:28 Found entry point LLVMFuzzerTestOneInput at key: /home/nate/code/minimal/local-test-sqlite3-full-01/afc-sqlite3/test/ossfuzz.c.LLVMFuzzerTestOneInput
2025/10/30 20:45:28 Found 20 reachable functions from LLVMFuzzerTestOneInput (key: /crs-workdir/home/nate/code/minimal/local-test-sqlite3-full-01/afc-sqlite3/test/ossfuzz.c.LLVMFuzzerTestOneInput)
2025/10/30 20:45:28   Reachable[0]: external.randomblob
2025/10/30 20:45:28   Reachable[1]: external.xCurrentTimeInt64
2025/10/30 20:45:28   Reachable[2]: external.sqlite_exec
2025/10/30 20:45:28   Reachable[3]: external.sqlite3_initialize
2025/10/30 20:45:28   Reachable[4]: external.sqlite3_open_v2
2025/10/30 20:45:28   Reachable[5]: external.sqlite3_limit
2025/10/30 20:45:28   Reachable[6]: external.sqlite3_hard_heap_limit64
2025/10/30 20:45:28   Reachable[7]: external.sqlite3_db_config
2025/10/30 20:45:28   Reachable[8]: external.sqlite3_mprintf
2025/10/30 20:45:28   Reachable[9]: external.xCurrentTime
2025/10/30 20:45:28 Direct source analysis completed successfully
[DEBUG] findPotentiallyVulnerableReachableFunctions entryPoint: /crs-workdir/home/nate/code/minimal/local-test-sqlite3-full-01/afc-sqlite3/test/ossfuzz.c.LLVMFuzzerTestOneInput
[DEBUG] EngineMainReachable reachable functions: 20  |  total words: 41  entryPoint /crs-workdir/home/nate/code/minimal/local-test-sqlite3-full-01/afc-sqlite3/test/ossfuzz.c.LLVMFuzzerTestOneInput
[GIN] 2025/10/30 - 20:45:28 | 200 |  2.347730215s |       127.0.0.1 | POST     "/v1/reachable"
